0.43362938564082704
0.71
-1.0442571243572367
-0.8584073464102067
-0.1831853071795868
1.2831853071795865
-0.69
1.0354056994857892
0
0.4336293856408271
0.71
2.0973355292325566
2.2831853071795867
0.18318530717958706
1.2831853071795865
0.69
1.0354056994857892
0
0.43362938564082704
0.71
1.0442571243572367
0.8584073464102068
-0.1831853071795868
1.2831853071795865
-0.69
1.0354056994857894
0
