(cons #t #f)
(cons 1 2)
(cons "hi" "bye")
(cons "a" "b")
(cons 0.003 100)
(cons 1 2)
(cons #t #f)
(cons "hi" "bye")
(cons "a" "b")
(cons 0.003 100)
