442413.3920089205
2.0339912586467506
1.609487066961518e+48
54.598150033144236
445.85777008251677
0.006737946999085467
0.5015760690660556
4.489612819174345e+38
1
0.9048374180359595
2.5649493574615367
-0.342490308946776
4.709530201312334
1.3862943611198906
1.8082887711792655
