(list "HelloWorld" "HelloWorld" "HelloWorld" "HelloWorld" "HelloWorld" "HelloWorld" "HelloWorld")
(list [prim stringLengthPrim] [prim listQPrim] [prim plusPrim] [prim minusPrim] [prim numeqPrim] [prim stringQPrim])
(list null)
(list null (list 4 5 6))
15
-35
15
-35
