(list "ab" "ba")
(list 1 2 3)
null
(list #t #t #t #t)
(list #f #f #f #f)
(list "a" "a")
(list "HelloWorld" "HelloWorld" "HelloWorld" "HelloWorld" "HelloWorld" "HelloWorld" "HelloWorld" "HelloWorld" "HelloWorld" "HelloWorld")
(list 10 10 10 10 10)
(list #t #t)
(list "abab" "abab")
null
