(list 1 2 3 4 5)
(list 4 5)
null
(list 1 2 3 4 5)
(list 4 5)
null
