13
0.71
111
4
6.1
-5
-0.69
89
0
-0.10000000000000009
