1
0.2
0
0
3
1
0.19999999999999996
0
0
2.9999999999999996
