0.5041
12321
37.209999999999994
0.4760999999999999
0.010000000000000018
0
0.71
111
6.1
0.6900000000000001
0.1
0
