"9"
"0.4472135954999579"
"100"
"4"
"30.135325698915423"
9
0.4472135954999579
100
4
30.135325698915423
