"aaaaa"
""
"ACCD01-E"
"accd01-e"
"accd01-e"
"lo w"
(list #\h #\e #\l #\l #\o #\space #\w #\o #\r #\l #\d)
"hello world"
