#t
#f
#f
#t
#f
#t
#f
#f
#f
#f
#t
#f
#t
#t
#f
#t
#t
#f
#t
#t
#t
#f
#f
#t
#f
#t
#f
#f
#f
#f
#t
#f
#t
#t
#f
#t
#t
#f
#t
#t
