"aaaaa"
""
"ACCD01-E"
"accd01-e"
"accd01-e"
"lo wo"
(list #\h #\e #\l #\l #\o #\ #\w #\o #\r #\l #\d)
"hello world"
