56
0.001
1000
4
9.3
0.2857142857142857
0.09999999999999999
10
1
0.9677419354838709
