:1:0: Runtime error:
    A runtime error was encounter: This is an example runtime error
    In program: (error "This is an example runtime error")
