:4:0: Runtime error:
    A hole was encountered!
    In program: (??)
