#\c: (1, 1) => (1, 3)
#\newline: (3, 1) => (3, 9)
#\ : (5, 1) => (5, 3)
+: (5, 4) => (5, 4)