5
0
10
(list 1 2 3 4 5 6)
(list "a" "," "b" "," "c")
