"numbers"
"strings"
"chars"
"bools"
"null"
"lists"
